Archive member included to satisfy reference by file (symbol)

/usr/lib/gcc/arm-none-eabi/9.2.0/../../../../arm-none-eabi/lib/thumb/v7e-m/nofp/libc_nano.a(lib_a-atexit.o)
                              /usr/lib/gcc/arm-none-eabi/9.2.0/../../../../arm-none-eabi/lib/thumb/v7e-m/nofp/crt0.o (atexit)
/usr/lib/gcc/arm-none-eabi/9.2.0/../../../../arm-none-eabi/lib/thumb/v7e-m/nofp/libc_nano.a(lib_a-exit.o)
                              /usr/lib/gcc/arm-none-eabi/9.2.0/../../../../arm-none-eabi/lib/thumb/v7e-m/nofp/crt0.o (exit)
/usr/lib/gcc/arm-none-eabi/9.2.0/../../../../arm-none-eabi/lib/thumb/v7e-m/nofp/libc_nano.a(lib_a-fini.o)
                              /usr/lib/gcc/arm-none-eabi/9.2.0/../../../../arm-none-eabi/lib/thumb/v7e-m/nofp/crt0.o (__libc_fini_array)
/usr/lib/gcc/arm-none-eabi/9.2.0/../../../../arm-none-eabi/lib/thumb/v7e-m/nofp/libc_nano.a(lib_a-impure.o)
                              /usr/lib/gcc/arm-none-eabi/9.2.0/../../../../arm-none-eabi/lib/thumb/v7e-m/nofp/libc_nano.a(lib_a-exit.o) (_global_impure_ptr)
/usr/lib/gcc/arm-none-eabi/9.2.0/../../../../arm-none-eabi/lib/thumb/v7e-m/nofp/libc_nano.a(lib_a-init.o)
                              /usr/lib/gcc/arm-none-eabi/9.2.0/../../../../arm-none-eabi/lib/thumb/v7e-m/nofp/crt0.o (__libc_init_array)
/usr/lib/gcc/arm-none-eabi/9.2.0/../../../../arm-none-eabi/lib/thumb/v7e-m/nofp/libc_nano.a(lib_a-memcpy-stub.o)
                              hpl/usbhs/hpl_usbhs.o (memcpy)
/usr/lib/gcc/arm-none-eabi/9.2.0/../../../../arm-none-eabi/lib/thumb/v7e-m/nofp/libc_nano.a(lib_a-memset.o)
                              /usr/lib/gcc/arm-none-eabi/9.2.0/../../../../arm-none-eabi/lib/thumb/v7e-m/nofp/crt0.o (memset)
/usr/lib/gcc/arm-none-eabi/9.2.0/../../../../arm-none-eabi/lib/thumb/v7e-m/nofp/libc_nano.a(lib_a-printf.o)
                              hal/utils/src/utils_syscalls.o (printf)
/usr/lib/gcc/arm-none-eabi/9.2.0/../../../../arm-none-eabi/lib/thumb/v7e-m/nofp/libc_nano.a(lib_a-__atexit.o)
                              /usr/lib/gcc/arm-none-eabi/9.2.0/../../../../arm-none-eabi/lib/thumb/v7e-m/nofp/libc_nano.a(lib_a-atexit.o) (__register_exitproc)
/usr/lib/gcc/arm-none-eabi/9.2.0/../../../../arm-none-eabi/lib/thumb/v7e-m/nofp/libc_nano.a(lib_a-__call_atexit.o)
                              /usr/lib/gcc/arm-none-eabi/9.2.0/../../../../arm-none-eabi/lib/thumb/v7e-m/nofp/libc_nano.a(lib_a-__atexit.o) (__call_exitprocs)
/usr/lib/gcc/arm-none-eabi/9.2.0/../../../../arm-none-eabi/lib/thumb/v7e-m/nofp/libc_nano.a(lib_a-findfp.o)
                              /usr/lib/gcc/arm-none-eabi/9.2.0/../../../../arm-none-eabi/lib/thumb/v7e-m/nofp/libc_nano.a(lib_a-printf.o) (__sinit)
/usr/lib/gcc/arm-none-eabi/9.2.0/../../../../arm-none-eabi/lib/thumb/v7e-m/nofp/libc_nano.a(lib_a-fwalk.o)
                              /usr/lib/gcc/arm-none-eabi/9.2.0/../../../../arm-none-eabi/lib/thumb/v7e-m/nofp/libc_nano.a(lib_a-findfp.o) (_fwalk)
/usr/lib/gcc/arm-none-eabi/9.2.0/../../../../arm-none-eabi/lib/thumb/v7e-m/nofp/libc_nano.a(lib_a-lock.o)
                              /usr/lib/gcc/arm-none-eabi/9.2.0/../../../../arm-none-eabi/lib/thumb/v7e-m/nofp/libc_nano.a(lib_a-findfp.o) (__retarget_lock_init_recursive)
/usr/lib/gcc/arm-none-eabi/9.2.0/../../../../arm-none-eabi/lib/thumb/v7e-m/nofp/libc_nano.a(lib_a-nano-mallocr.o)
                              /usr/lib/gcc/arm-none-eabi/9.2.0/../../../../arm-none-eabi/lib/thumb/v7e-m/nofp/libc_nano.a(lib_a-findfp.o) (_malloc_r)
/usr/lib/gcc/arm-none-eabi/9.2.0/../../../../arm-none-eabi/lib/thumb/v7e-m/nofp/libc_nano.a(lib_a-nano-vfprintf.o)
                              /usr/lib/gcc/arm-none-eabi/9.2.0/../../../../arm-none-eabi/lib/thumb/v7e-m/nofp/libc_nano.a(lib_a-printf.o) (_vfprintf_r)
/usr/lib/gcc/arm-none-eabi/9.2.0/../../../../arm-none-eabi/lib/thumb/v7e-m/nofp/libc_nano.a(lib_a-sbrkr.o)
                              /usr/lib/gcc/arm-none-eabi/9.2.0/../../../../arm-none-eabi/lib/thumb/v7e-m/nofp/libc_nano.a(lib_a-nano-mallocr.o) (_sbrk_r)
/usr/lib/gcc/arm-none-eabi/9.2.0/../../../../arm-none-eabi/lib/thumb/v7e-m/nofp/libc_nano.a(lib_a-stdio.o)
                              /usr/lib/gcc/arm-none-eabi/9.2.0/../../../../arm-none-eabi/lib/thumb/v7e-m/nofp/libc_nano.a(lib_a-findfp.o) (__sread)
/usr/lib/gcc/arm-none-eabi/9.2.0/../../../../arm-none-eabi/lib/thumb/v7e-m/nofp/libc_nano.a(lib_a-wbuf.o)
                              /usr/lib/gcc/arm-none-eabi/9.2.0/../../../../arm-none-eabi/lib/thumb/v7e-m/nofp/libc_nano.a(lib_a-nano-vfprintf.o) (__swbuf_r)
/usr/lib/gcc/arm-none-eabi/9.2.0/../../../../arm-none-eabi/lib/thumb/v7e-m/nofp/libc_nano.a(lib_a-writer.o)
                              /usr/lib/gcc/arm-none-eabi/9.2.0/../../../../arm-none-eabi/lib/thumb/v7e-m/nofp/libc_nano.a(lib_a-stdio.o) (_write_r)
/usr/lib/gcc/arm-none-eabi/9.2.0/../../../../arm-none-eabi/lib/thumb/v7e-m/nofp/libc_nano.a(lib_a-wsetup.o)
[...]
Memory Configuration

Name             Origin             Length             Attributes
rom              0x0000000000400000 0x0000000000200000 xr
ram              0x0000000020400000 0x0000000000060000 xrw
*default*        0x0000000000000000 0xffffffffffffffff

Linker script and memory map

LOAD /usr/lib/gcc/arm-none-eabi/9.2.0/thumb/v7e-m/nofp/crti.o
LOAD /usr/lib/gcc/arm-none-eabi/9.2.0/thumb/v7e-m/nofp/crtbegin.o
LOAD /usr/lib/gcc/arm-none-eabi/9.2.0/../../../../arm-none-eabi/lib/thumb/v7e-m/nofp/crt0.o
LOAD hal/src/hal_io.o
LOAD same70b/gcc/system_same70n21b.o
LOAD hal/src/hal_can_async.o
LOAD atmel_start.o
LOAD hpl/uart/hpl_uart.o
LOAD usb/class/cdc/device/cdcdf_acm.o
LOAD hal/utils/src/utils_syscalls.o
LOAD same70b/gcc/gcc/startup_same70n21b.o
LOAD hal/src/hal_delay.o
LOAD hpl/usbhs/hpl_usbhs.o
LOAD hpl/core/hpl_init.o
LOAD hal/utils/src/utils_list.o
LOAD hal/utils/src/utils_assert.o
LOAD usb_start.o
LOAD hpl/mcan/hpl_mcan.o
LOAD hal/src/hal_usart_sync.o
LOAD hpl/pmc/hpl_pmc.o
LOAD usb/usb_protocol.o
LOAD hal/src/hal_init.o
LOAD hal/src/hal_usb_device.o
LOAD main.o
LOAD usb/device/usbdc.o
LOAD examples/driver_examples.o
LOAD driver_init.o
LOAD hal/utils/src/utils_ringbuffer.o
LOAD hal/src/hal_gpio.o
LOAD hal/utils/src/utils_event.o
LOAD hal/src/hal_sleep.o
LOAD hpl/pmc/hpl_sleep.o
LOAD hpl/core/hpl_core_m7_base.o
LOAD hal/src/hal_atomic.o
LOAD hpl/xdmac/hpl_xdmac.o
START GROUP
LOAD /usr/lib/gcc/arm-none-eabi/9.2.0/../../../../arm-none-eabi/lib/thumb/v7e-m/nofp/libm.a
END GROUP
START GROUP
LOAD /usr/lib/gcc/arm-none-eabi/9.2.0/thumb/v7e-m/nofp/libgcc.a
LOAD /usr/lib/gcc/arm-none-eabi/9.2.0/../../../../arm-none-eabi/lib/thumb/v7e-m/nofp/libc_nano.a
END GROUP
START GROUP
LOAD /usr/lib/gcc/arm-none-eabi/9.2.0/thumb/v7e-m/nofp/libgcc.a
LOAD /usr/lib/gcc/arm-none-eabi/9.2.0/../../../../arm-none-eabi/lib/thumb/v7e-m/nofp/libc_nano.a
END GROUP
LOAD /usr/lib/gcc/arm-none-eabi/9.2.0/thumb/v7e-m/nofp/crtend.o
LOAD /usr/lib/gcc/arm-none-eabi/9.2.0/thumb/v7e-m/nofp/crtn.o
                0x0000000000000400                STACK_SIZE = DEFINED (STACK_SIZE)?STACK_SIZE:DEFINED (__stack_size__)?__stack_size__:0x400
                0x0000000000000200                HEAP_SIZE = DEFINED (HEAP_SIZE)?HEAP_SIZE:DEFINED (__heap_size__)?__heap_size__:0x200

.text           0x0000000000400000     0x21c8
                0x0000000000400000                . = ALIGN (0x4)
                0x0000000000400000                _sfixed = .
 *(.vectors .vectors.*)
 .vectors       0x0000000000400000      0x168 same70b/gcc/gcc/startup_same70n21b.o
                0x0000000000400000                exception_table
 *(.text .text.* .gnu.linkonce.t.*)
 .text.__do_global_dtors_aux
                0x0000000000400168       0x24 /usr/lib/gcc/arm-none-eabi/9.2.0/thumb/v7e-m/nofp/crtbegin.o
 .text.frame_dummy
                0x000000000040018c       0x1c /usr/lib/gcc/arm-none-eabi/9.2.0/thumb/v7e-m/nofp/crtbegin.o
 .text.atmel_start_init
                0x00000000004001a8       0x18 atmel_start.o
                0x00000000004001a8                atmel_start_init
 .text.cdcdf_acm_req
                0x00000000004001c0       0xdc usb/class/cdc/device/cdcdf_acm.o
 .text.cdcdf_acm_ctrl
                0x000000000040029c      0x134 usb/class/cdc/device/cdcdf_acm.o
 .text.cdcdf_acm_init
                0x00000000004003d0       0x44 usb/class/cdc/device/cdcdf_acm.o
                0x00000000004003d0                cdcdf_acm_init
 .text.cdcdf_acm_read
                0x0000000000400414       0x2c usb/class/cdc/device/cdcdf_acm.o
                0x0000000000400414                cdcdf_acm_read
 .text.cdcdf_acm_write
                0x0000000000400440       0x2c usb/class/cdc/device/cdcdf_acm.o
                0x0000000000400440                cdcdf_acm_write
 .text.cdcdf_acm_register_callback
                0x000000000040046c       0x40 usb/class/cdc/device/cdcdf_acm.o
                0x000000000040046c                cdcdf_acm_register_callback
 .text.cdcdf_acm_is_enabled
                0x00000000004004ac        0xc usb/class/cdc/device/cdcdf_acm.o
                0x00000000004004ac                cdcdf_acm_is_enabled
 .text.Dummy_Handler
                0x00000000004004b8        0x2 same70b/gcc/gcc/startup_same70n21b.o
                0x00000000004004b8                DACC_Handler
                0x00000000004004b8                SVCall_Handler
                0x00000000004004b8                UART3_Handler
                0x00000000004004b8                UART2_Handler
                0x00000000004004b8                TRNG_Handler
                0x00000000004004b8                HardFault_Handler
                0x00000000004004b8                TC2_Handler
                0x00000000004004b8                SysTick_Handler
                0x00000000004004b8                AFEC1_Handler
                0x00000000004004b8                PendSV_Handler
                0x00000000004004b8                TC7_Handler
                0x00000000004004b8                QSPI_Handler
                0x00000000004004b8                NonMaskableInt_Handler
                0x00000000004004b8                ISI_Handler
                0x00000000004004b8                TC9_Handler
                0x00000000004004b8                RSWDT_Handler
                0x00000000004004b8                USART0_Handler
                0x00000000004004b8                RTT_Handler
                0x00000000004004b8                IXC_Handler
                0x00000000004004b8                CCF_Handler
                0x00000000004004b8                PIOB_Handler
                0x00000000004004b8                RTC_Handler
                0x00000000004004b8                UsageFault_Handler
                0x00000000004004b8                TC6_Handler
                0x00000000004004b8                WDT_Handler
                0x00000000004004b8                MCAN1_INT1_Handler
                0x00000000004004b8                TC4_Handler
                0x00000000004004b8                TC1_Handler
                0x00000000004004b8                HSMCI_Handler
                0x00000000004004b8                UART1_Handler
                0x00000000004004b8                TC3_Handler
                0x00000000004004b8                Dummy_Handler
                0x00000000004004b8                TWIHS1_Handler
                0x00000000004004b8                XDMAC_Handler
                0x00000000004004b8                UART4_Handler
                0x00000000004004b8                PWM1_Handler
                0x00000000004004b8                USART1_Handler
                0x00000000004004b8                PWM0_Handler
                0x00000000004004b8                PIOA_Handler
                0x00000000004004b8                AFEC0_Handler
                0x00000000004004b8                CCW_Handler
                0x00000000004004b8                SSC_Handler
                0x00000000004004b8                TC11_Handler
                0x00000000004004b8                ACC_Handler
                0x00000000004004b8                PMC_Handler
                0x00000000004004b8                GMAC_Handler
                0x00000000004004b8                MCAN0_INT1_Handler
                0x00000000004004b8                GMAC_Q5_Handler
                0x00000000004004b8                SUPC_Handler
                0x00000000004004b8                TC8_Handler
                0x00000000004004b8                MCAN1_INT0_Handler
                0x00000000004004b8                EFC_Handler
                0x00000000004004b8                GMAC_Q1_Handler
                0x00000000004004b8                USART2_Handler
                0x00000000004004b8                GMAC_Q2_Handler
                0x00000000004004b8                TC10_Handler
                0x00000000004004b8                GMAC_Q3_Handler
                0x00000000004004b8                PIOD_Handler
                0x00000000004004b8                TWIHS2_Handler
                0x00000000004004b8                I2SC0_Handler
                0x00000000004004b8                UART0_Handler
                0x00000000004004b8                GMAC_Q4_Handler
                0x00000000004004b8                FPU_Handler
                0x00000000004004b8                BusFault_Handler
                0x00000000004004b8                RSTC_Handler
                0x00000000004004b8                TC0_Handler
                0x00000000004004b8                MemoryManagement_Handler
                0x00000000004004b8                DebugMonitor_Handler
                0x00000000004004b8                TC5_Handler
                0x00000000004004b8                ICM_Handler
                0x00000000004004b8                AES_Handler
                0x00000000004004b8                TWIHS0_Handler
                0x00000000004004b8                SPI0_Handler
 *fill*         0x00000000004004ba        0x2 
 .text.Reset_Handler
                0x00000000004004bc       0x64 same70b/gcc/gcc/startup_same70n21b.o
                0x00000000004004bc                Reset_Handler
 .text._dummy_func_no_return
                0x0000000000400520        0x2 hpl/usbhs/hpl_usbhs.o
 .text._dummy_func_return_false
                0x0000000000400522        0x4 hpl/usbhs/hpl_usbhs.o
 *fill*         0x0000000000400526        0x2 
 .text._usb_d_dev_handle_setup
                0x0000000000400528       0x78 hpl/usbhs/hpl_usbhs.o
 .text._usb_d_dev_trans_done
                0x00000000004005a0       0x2c hpl/usbhs/hpl_usbhs.o
 .text._usb_d_dev_reset_epts
                0x00000000004005cc       0x5c hpl/usbhs/hpl_usbhs.o
 .text._usb_d_dev_dma_next
                0x0000000000400628       0xd8 hpl/usbhs/hpl_usbhs.o
 .text._usb_d_dev_trans_stop
                0x0000000000400700       0x40 hpl/usbhs/hpl_usbhs.o
 .text.USBHS_Handler
                0x0000000000400740      0x35c hpl/usbhs/hpl_usbhs.o
                0x0000000000400740                USBHS_Handler
 .text._usb_d_dev_init
                0x0000000000400a9c       0x50 hpl/usbhs/hpl_usbhs.o
                0x0000000000400a9c                _usb_d_dev_init
 .text._usb_d_dev_enable
                0x0000000000400aec       0x40 hpl/usbhs/hpl_usbhs.o
                0x0000000000400aec                _usb_d_dev_enable
 .text._usb_d_dev_attach
                0x0000000000400b2c       0x10 hpl/usbhs/hpl_usbhs.o
                0x0000000000400b2c                _usb_d_dev_attach
 .text._usb_d_dev_get_speed
                0x0000000000400b3c       0x2c hpl/usbhs/hpl_usbhs.o
                0x0000000000400b3c                _usb_d_dev_get_speed
 .text._usb_d_dev_set_address
                0x0000000000400b68       0x20 hpl/usbhs/hpl_usbhs.o
                0x0000000000400b68                _usb_d_dev_set_address
 .text._usb_d_dev_ep_init
                0x0000000000400b88      0x124 hpl/usbhs/hpl_usbhs.o
                0x0000000000400b88                _usb_d_dev_ep_init
 .text._usb_d_dev_ep_deinit
                0x0000000000400cac       0x4c hpl/usbhs/hpl_usbhs.o
                0x0000000000400cac                _usb_d_dev_ep_deinit
 .text._usb_d_dev_ep_enable
                0x0000000000400cf8      0x17c hpl/usbhs/hpl_usbhs.o
                0x0000000000400cf8                _usb_d_dev_ep_enable
 .text._usb_d_dev_ep_stall
                0x0000000000400e74      0x114 hpl/usbhs/hpl_usbhs.o
                0x0000000000400e74                _usb_d_dev_ep_stall
 .text._usb_d_dev_ep_read_req
                0x0000000000400f88       0x5e hpl/usbhs/hpl_usbhs.o
                0x0000000000400f88                _usb_d_dev_ep_read_req
 *fill*         0x0000000000400fe6        0x2 
 .text._usb_d_dev_ep_trans
                0x0000000000400fe8      0x140 hpl/usbhs/hpl_usbhs.o
                0x0000000000400fe8                _usb_d_dev_ep_trans
 .text._usb_d_dev_register_callback
                0x0000000000401128       0x24 hpl/usbhs/hpl_usbhs.o
                0x0000000000401128                _usb_d_dev_register_callback
 .text._usb_d_dev_register_ep_callback
                0x000000000040114c       0x2c hpl/usbhs/hpl_usbhs.o
                0x000000000040114c                _usb_d_dev_register_ep_callback
 .text._init_chip
                0x0000000000401178       0x50 hpl/core/hpl_init.o
                0x0000000000401178                _init_chip
 .text.is_list_element
                0x00000000004011c8        0xe hal/utils/src/utils_list.o
                0x00000000004011c8                is_list_element
 *fill*         0x00000000004011d6        0x2 
 .text.list_insert_at_end
                0x00000000004011d8       0x40 hal/utils/src/utils_list.o
                0x00000000004011d8                list_insert_at_end
 .text.assert   0x0000000000401218        0x6 hal/utils/src/utils_assert.o
                0x0000000000401218                assert
 *fill*         0x000000000040121e        0x2 
 .text.usb_device_cb_bulk_in
                0x0000000000401220       0x18 usb_start.o
 .text.usb_device_cb_bulk_out
                0x0000000000401238       0x18 usb_start.o
 .text.usb_device_cb_state_c
                0x0000000000401250       0x3c usb_start.o
 .text.cdc_device_acm_init
                0x000000000040128c       0x34 usb_start.o
                0x000000000040128c                cdc_device_acm_init
 .text.cdcd_acm_example
                0x00000000004012c0       0x20 usb_start.o
                0x00000000004012c0                cdcd_acm_example
 .text.usb_init
                0x00000000004012e0        0x8 usb_start.o
                0x00000000004012e0                usb_init
 .text.MCAN0_INT0_Handler
                0x00000000004012e8       0x64 hpl/mcan/hpl_mcan.o
                0x00000000004012e8                MCAN0_INT0_Handler
 .text._pmc_init
                0x000000000040134c       0x9c hpl/pmc/hpl_pmc.o
                0x000000000040134c                _pmc_init
 .text.usb_find_desc
                0x00000000004013e8       0x1a usb/usb_protocol.o
                0x00000000004013e8                usb_find_desc
 .text.usb_find_ep_desc
                0x0000000000401402       0x1c usb/usb_protocol.o
                0x0000000000401402                usb_find_ep_desc
 *fill*         0x000000000040141e        0x2 
 .text.usb_find_cfg_desc
                0x0000000000401420       0x3c usb/usb_protocol.o
                0x0000000000401420                usb_find_cfg_desc
 .text.usb_find_othspdcfg_desc
                0x000000000040145c       0x3c usb/usb_protocol.o
                0x000000000040145c                usb_find_othspdcfg_desc
 .text.usb_find_str_desc
                0x0000000000401498       0x2c usb/usb_protocol.o
                0x0000000000401498                usb_find_str_desc
 .text._usb_d_find_ep
                0x00000000004014c4       0x30 hal/src/hal_usb_device.o
 .text.usb_d_dummy_cb_false
                0x00000000004014f4        0x4 hal/src/hal_usb_device.o
 .text.usb_d_cb_trans_more
                0x00000000004014f8       0x34 hal/src/hal_usb_device.o
 .text._usb_d_cb_trans_done
                0x000000000040152c       0xf8 hal/src/hal_usb_device.o
 .text.usb_d_cb_trans_setup
                0x0000000000401624       0x78 hal/src/hal_usb_device.o
 .text.usb_d_init
                0x000000000040169c       0x68 hal/src/hal_usb_device.o
                0x000000000040169c                usb_d_init
 .text.usb_d_register_callback
                0x0000000000401704        0x8 hal/src/hal_usb_device.o
                0x0000000000401704                usb_d_register_callback
 .text.usb_d_enable
                0x000000000040170c        0x8 hal/src/hal_usb_device.o
                0x000000000040170c                usb_d_enable
 .text.usb_d_attach
                0x0000000000401714        0x8 hal/src/hal_usb_device.o
                0x0000000000401714                usb_d_attach
 .text.usb_d_get_speed
                0x000000000040171c        0x8 hal/src/hal_usb_device.o
                0x000000000040171c                usb_d_get_speed
 .text.usb_d_set_address
                0x0000000000401724        0x8 hal/src/hal_usb_device.o
                0x0000000000401724                usb_d_set_address
 .text.usb_d_ep_init
                0x000000000040172c       0x54 hal/src/hal_usb_device.o
                0x000000000040172c                usb_d_ep_init
 .text.usb_d_ep0_init
                0x0000000000401780       0x10 hal/src/hal_usb_device.o
                0x0000000000401780                usb_d_ep0_init
 .text.usb_d_ep_deinit
                0x0000000000401790       0x2c hal/src/hal_usb_device.o
                0x0000000000401790                usb_d_ep_deinit
 .text.usb_d_ep_enable
                0x00000000004017bc       0x40 hal/src/hal_usb_device.o
                0x00000000004017bc                usb_d_ep_enable
 .text.usb_d_ep_transfer
                0x00000000004017fc       0xe8 hal/src/hal_usb_device.o
                0x00000000004017fc                usb_d_ep_transfer
 .text.usb_d_ep_halt
                0x00000000004018e4       0x64 hal/src/hal_usb_device.o
                0x00000000004018e4                usb_d_ep_halt
 .text.usb_d_ep_register_callback
                0x0000000000401948       0x4c hal/src/hal_usb_device.o
                0x0000000000401948                usb_d_ep_register_callback
 .text.startup.main
                0x0000000000401994       0x14 main.o
                0x0000000000401994                main
 .text.usbdc_unconfig
                0x00000000004019a8       0x1c usb/device/usbdc.o
 .text.usbdc_change_notify
                0x00000000004019c4       0x20 usb/device/usbdc.o
 .text.usbdc_request_handler
                0x00000000004019e4       0x38 usb/device/usbdc.o
 .text.usbd_sof_cb
                0x0000000000401a1c       0x18 usb/device/usbdc.o
 .text.usbdc_cb_ctl_done
                0x0000000000401a34       0x68 usb/device/usbdc.o
 .text.usbdc_reset
                0x0000000000401a9c       0x5c usb/device/usbdc.o
                0x0000000000401a9c                usbdc_reset
 .text.usbd_event_cb
                0x0000000000401af8       0x18 usb/device/usbdc.o
 .text.usbdc_xfer
                0x0000000000401b10       0x20 usb/device/usbdc.o
                0x0000000000401b10                usbdc_xfer
 .text.usbdc_cb_ctl_req
                0x0000000000401b30      0x43c usb/device/usbdc.o
 .text.usbdc_register_handler
                0x0000000000401f6c       0x2c usb/device/usbdc.o
                0x0000000000401f6c                usbdc_register_handler
 .text.usbdc_init
                0x0000000000401f98       0x5c usb/device/usbdc.o
                0x0000000000401f98                usbdc_init
 .text.usbdc_register_function
                0x0000000000401ff4       0x10 usb/device/usbdc.o
                0x0000000000401ff4                usbdc_register_function
 .text.usbdc_start
                0x0000000000402004       0x3c usb/device/usbdc.o
                0x0000000000402004                usbdc_start
 .text.usbdc_attach
                0x0000000000402040        0x8 usb/device/usbdc.o
                0x0000000000402040                usbdc_attach
 .text.usbdc_get_ctrl_buffer
                0x0000000000402048        0xc usb/device/usbdc.o
                0x0000000000402048                usbdc_get_ctrl_buffer
 .text.usbdc_get_state
                0x0000000000402054       0x14 usb/device/usbdc.o
                0x0000000000402054                usbdc_get_state
 .text.USB_DEVICE_INSTANCE_CLOCK_init
                0x0000000000402068       0x18 driver_init.o
                0x0000000000402068                USB_DEVICE_INSTANCE_CLOCK_init
 .text.USB_DEVICE_INSTANCE_init
                0x0000000000402080       0x18 driver_init.o
                0x0000000000402080                USB_DEVICE_INSTANCE_init
 .text.system_init
                0x0000000000402098       0x24 driver_init.o
                0x0000000000402098                system_init
 .text.atomic_enter_critical
                0x00000000004020bc        0xe hal/src/hal_atomic.o
                0x00000000004020bc                atomic_enter_critical
 .text.atomic_leave_critical
                0x00000000004020ca        0xc hal/src/hal_atomic.o
                0x00000000004020ca                atomic_leave_critical
 *fill*         0x00000000004020d6        0x2 
 .text.__libc_init_array
                0x00000000004020d8       0x48 /usr/lib/gcc/arm-none-eabi/9.2.0/../../../../arm-none-eabi/lib/thumb/v7e-m/nofp/libc_nano.a(lib_a-init.o)
                0x00000000004020d8                __libc_init_array
 .text.memcpy   0x0000000000402120       0x1c /usr/lib/gcc/arm-none-eabi/9.2.0/../../../../arm-none-eabi/lib/thumb/v7e-m/nofp/libc_nano.a(lib_a-memcpy-stub.o)
                0x0000000000402120                memcpy
 .text.memset   0x000000000040213c       0x10 /usr/lib/gcc/arm-none-eabi/9.2.0/../../../../arm-none-eabi/lib/thumb/v7e-m/nofp/libc_nano.a(lib_a-memset.o)
                0x000000000040213c                memset
 *(.glue_7t)
 .glue_7t       0x000000000040214c        0x0 linker stubs
 *(.glue_7)
 .glue_7        0x000000000040214c        0x0 linker stubs
 *(.rodata .rodata* .gnu.linkonce.r.*)
 .rodata.str1.1
                0x000000000040214c       0x19 hpl/usbhs/hpl_usbhs.o
 .rodata.str1.1
                0x0000000000402165       0x1e hal/utils/src/utils_list.o
 .rodata        0x0000000000402183        0xe hal/src/hal_usb_device.o
 .rodata.str1.1
                0x0000000000402191       0x16 usb/device/usbdc.o
 *(.ARM.extab* .gnu.linkonce.armextab.*)
                0x00000000004021a8                . = ALIGN (0x4)
 *fill*         0x00000000004021a7        0x1 
 *(.init)
 .init          0x00000000004021a8        0x4 /usr/lib/gcc/arm-none-eabi/9.2.0/thumb/v7e-m/nofp/crti.o
                0x00000000004021a8                _init
 .init          0x00000000004021ac        0x8 /usr/lib/gcc/arm-none-eabi/9.2.0/thumb/v7e-m/nofp/crtn.o
                0x00000000004021b4                . = ALIGN (0x4)
                0x00000000004021b4                __preinit_array_start = .
 *(.preinit_array)
                0x00000000004021b4                __preinit_array_end = .
                0x00000000004021b4                . = ALIGN (0x4)
                0x00000000004021b4                __init_array_start = .
 *(SORT_BY_NAME(.init_array.*))
 *(.init_array)
 .init_array    0x00000000004021b4        0x4 /usr/lib/gcc/arm-none-eabi/9.2.0/thumb/v7e-m/nofp/crtbegin.o
                0x00000000004021b8                __init_array_end = .
                0x00000000004021b8                . = ALIGN (0x4)
 *crtbegin.o(.ctors)
 *(EXCLUDE_FILE(*crtend.o) .ctors)
 *(SORT_BY_NAME(.ctors.*))
 *crtend.o(.ctors)
                0x00000000004021b8                . = ALIGN (0x4)
 *(.fini)
 .fini          0x00000000004021b8        0x4 /usr/lib/gcc/arm-none-eabi/9.2.0/thumb/v7e-m/nofp/crti.o
                0x00000000004021b8                _fini
 .fini          0x00000000004021bc        0x8 /usr/lib/gcc/arm-none-eabi/9.2.0/thumb/v7e-m/nofp/crtn.o
                0x00000000004021c4                . = ALIGN (0x4)
                0x00000000004021c4                __fini_array_start = .
 *(.fini_array)
 .fini_array    0x00000000004021c4        0x4 /usr/lib/gcc/arm-none-eabi/9.2.0/thumb/v7e-m/nofp/crtbegin.o
 *(SORT_BY_NAME(.fini_array.*))
                0x00000000004021c8                __fini_array_end = .
 *crtbegin.o(.dtors)
 *(EXCLUDE_FILE(*crtend.o) .dtors)
 *(SORT_BY_NAME(.dtors.*))
 *crtend.o(.dtors)
                0x00000000004021c8                . = ALIGN (0x4)
                0x00000000004021c8                _efixed = .
                [!provide]                        PROVIDE (__exidx_start = .)

.vfp11_veneer   0x00000000004021c8        0x0
 .vfp11_veneer  0x00000000004021c8        0x0 linker stubs

.v4_bx          0x00000000004021c8        0x0
 .v4_bx         0x00000000004021c8        0x0 linker stubs

.iplt           0x00000000004021c8        0x0
 .iplt          0x00000000004021c8        0x0 /usr/lib/gcc/arm-none-eabi/9.2.0/thumb/v7e-m/nofp/crtbegin.o

.igot.plt       0x00000000004021c8        0x0
 .igot.plt      0x00000000004021c8        0x0 /usr/lib/gcc/arm-none-eabi/9.2.0/thumb/v7e-m/nofp/crtbegin.o

.eh_frame       0x00000000004021c8        0x0
 .eh_frame      0x00000000004021c8        0x0 /usr/lib/gcc/arm-none-eabi/9.2.0/thumb/v7e-m/nofp/crtbegin.o

.rel.dyn        0x00000000004021c8        0x0
 .rel.iplt      0x00000000004021c8        0x0 /usr/lib/gcc/arm-none-eabi/9.2.0/thumb/v7e-m/nofp/crtbegin.o

.ARM.exidx
 *(.ARM.exidx* .gnu.linkonce.armexidx.*)
                [!provide]                        PROVIDE (__exidx_end = .)
                0x00000000004021c8                . = ALIGN (0x4)
                0x00000000004021c8                _etext = .

.relocate       0x0000000020400000      0x140 load address 0x00000000004021c8
                0x0000000020400000                . = ALIGN (0x4)
                0x0000000020400000                _srelocate = .
 *(.ramfunc .ramfunc.*)
 *(.data .data.*)
 .data          0x0000000020400000        0x8 usb/class/cdc/device/cdcdf_acm.o
 .data          0x0000000020400008      0x138 usb_start.o
                0x0000000020400140                . = ALIGN (0x4)
                0x0000000020400140                _erelocate = .

.bss            0x0000000020400140      0x3b4 load address 0x0000000000402308
                0x0000000020400140                . = ALIGN (0x4)
                0x0000000020400140                _sbss = .
                0x0000000020400140                _szero = .
 *(.bss .bss.*)
 .bss.completed.8891
                0x0000000020400140        0x1 /usr/lib/gcc/arm-none-eabi/9.2.0/thumb/v7e-m/nofp/crtbegin.o
 *fill*         0x0000000020400141        0x3 
 .bss.object.8896
                0x0000000020400144       0x18 /usr/lib/gcc/arm-none-eabi/9.2.0/thumb/v7e-m/nofp/crtbegin.o
 .bss           0x000000002040015c       0x24 usb/class/cdc/device/cdcdf_acm.o
 .bss           0x0000000020400180       0x64 hpl/usbhs/hpl_usbhs.o
 .bss           0x00000000204001e4      0x240 usb_start.o
 .bss           0x0000000020400424       0x2c hpl/mcan/hpl_mcan.o
 .bss           0x0000000020400450       0x80 hal/src/hal_usb_device.o
 .bss           0x00000000204004d0       0x24 usb/device/usbdc.o
 *(COMMON)
                0x00000000204004f4                . = ALIGN (0x4)
                0x00000000204004f4                _ebss = .
                0x00000000204004f4                _ezero = .

.heap           0x00000000204004f4      0x204 load address 0x00000000004026bc
                0x00000000204004f8                . = ALIGN (0x8)
 *fill*         0x00000000204004f4        0x4 
                0x00000000204004f8                _sheap = .
                0x00000000204006f8                . = (. + HEAP_SIZE)
 *fill*         0x00000000204004f8      0x200 
                0x00000000204006f8                . = ALIGN (0x8)
                0x00000000204006f8                _eheap = .

.stack          0x00000000204006f8      0x400 load address 0x00000000004028c0
                0x00000000204006f8                . = ALIGN (0x8)
                0x00000000204006f8                _sstack = .
                0x0000000020400af8                . = (. + STACK_SIZE)
 *fill*         0x00000000204006f8      0x400 
                0x0000000020400af8                . = ALIGN (0x8)
                0x0000000020400af8                _estack = .
                0x0000000020400af8                . = ALIGN (0x4)
                0x0000000020400af8                _end = .
                0x000000002045ffff                _ram_end_ = ((ORIGIN (ram) + LENGTH (ram)) - 0x1)
OUTPUT(AtmelStart.elf elf32-littlearm)

.ARM.attributes
                0x0000000000000000       0x2e
 .ARM.attributes
                0x0000000000000000       0x1e /usr/lib/gcc/arm-none-eabi/9.2.0/thumb/v7e-m/nofp/crti.o
 .ARM.attributes
                0x000000000000001e       0x2e /usr/lib/gcc/arm-none-eabi/9.2.0/thumb/v7e-m/nofp/crtbegin.o
 .ARM.attributes
                0x000000000000004c       0x32 atmel_start.o
 .ARM.attributes
                0x000000000000007e       0x32 usb/class/cdc/device/cdcdf_acm.o
 .ARM.attributes
                0x00000000000000b0       0x32 same70b/gcc/gcc/startup_same70n21b.o
 .ARM.attributes
                0x00000000000000e2       0x32 hpl/usbhs/hpl_usbhs.o
 .ARM.attributes
                0x0000000000000114       0x32 hpl/core/hpl_init.o
 .ARM.attributes
                0x0000000000000146       0x32 hal/utils/src/utils_list.o
 .ARM.attributes
                0x0000000000000178       0x32 hal/utils/src/utils_assert.o
 .ARM.attributes
                0x00000000000001aa       0x32 usb_start.o
 .ARM.attributes
                0x00000000000001dc       0x32 hpl/mcan/hpl_mcan.o
 .ARM.attributes
                0x000000000000020e       0x32 hpl/pmc/hpl_pmc.o
 .ARM.attributes
                0x0000000000000240       0x32 usb/usb_protocol.o
 .ARM.attributes
                0x0000000000000272       0x32 hal/src/hal_usb_device.o
 .ARM.attributes
                0x00000000000002a4       0x32 main.o
 .ARM.attributes
                0x00000000000002d6       0x32 usb/device/usbdc.o
 .ARM.attributes
                0x0000000000000308       0x32 driver_init.o
 .ARM.attributes
                0x000000000000033a       0x32 hal/src/hal_atomic.o
 .ARM.attributes
                0x000000000000036c       0x2e /usr/lib/gcc/arm-none-eabi/9.2.0/../../../../arm-none-eabi/lib/thumb/v7e-m/nofp/libc_nano.a(lib_a-init.o)
 .ARM.attributes
                0x000000000000039a       0x2e /usr/lib/gcc/arm-none-eabi/9.2.0/../../../../arm-none-eabi/lib/thumb/v7e-m/nofp/libc_nano.a(lib_a-memcpy-stub.o)
 .ARM.attributes
                0x00000000000003c8       0x2e /usr/lib/gcc/arm-none-eabi/9.2.0/../../../../arm-none-eabi/lib/thumb/v7e-m/nofp/libc_nano.a(lib_a-memset.o)
 .ARM.attributes
                0x00000000000003f6       0x1e /usr/lib/gcc/arm-none-eabi/9.2.0/thumb/v7e-m/nofp/crtn.o

.comment        0x0000000000000000       0x1d
 .comment       0x0000000000000000       0x1d atmel_start.o
                                         0x1e (size before relaxing)
 .comment       0x000000000000001d       0x1e usb/class/cdc/device/cdcdf_acm.o
 .comment       0x000000000000001d       0x1e same70b/gcc/gcc/startup_same70n21b.o
 .comment       0x000000000000001d       0x1e hpl/usbhs/hpl_usbhs.o
 .comment       0x000000000000001d       0x1e hpl/core/hpl_init.o
 .comment       0x000000000000001d       0x1e hal/utils/src/utils_list.o
 .comment       0x000000000000001d       0x1e hal/utils/src/utils_assert.o
 .comment       0x000000000000001d       0x1e usb_start.o
 .comment       0x000000000000001d       0x1e hpl/mcan/hpl_mcan.o
 .comment       0x000000000000001d       0x1e hpl/pmc/hpl_pmc.o
 .comment       0x000000000000001d       0x1e usb/usb_protocol.o
 .comment       0x000000000000001d       0x1e hal/src/hal_usb_device.o
 .comment       0x000000000000001d       0x1e main.o
 .comment       0x000000000000001d       0x1e usb/device/usbdc.o
 .comment       0x000000000000001d       0x1e driver_init.o
 .comment       0x000000000000001d       0x1e hal/src/hal_atomic.o

.debug_info     0x0000000000000000    0x15319
 .debug_info    0x0000000000000000      0xc80 atmel_start.o
 .debug_info    0x0000000000000c80     0x17aa usb/class/cdc/device/cdcdf_acm.o
 .debug_info    0x000000000000242a      0xa73 same70b/gcc/gcc/startup_same70n21b.o
 .debug_info    0x0000000000002e9d     0x5d34 hpl/usbhs/hpl_usbhs.o
 .debug_info    0x0000000000008bd1      0x693 hpl/core/hpl_init.o
 .debug_info    0x0000000000009264      0x358 hal/utils/src/utils_list.o
 .debug_info    0x00000000000095bc      0x127 hal/utils/src/utils_assert.o
 .debug_info    0x00000000000096e3     0x119d usb_start.o
 .debug_info    0x000000000000a880     0x2c75 hpl/mcan/hpl_mcan.o
 .debug_info    0x000000000000d4f5      0xb61 hpl/pmc/hpl_pmc.o
 .debug_info    0x000000000000e056      0xea9 usb/usb_protocol.o
 .debug_info    0x000000000000eeff     0x1eba hal/src/hal_usb_device.o
 .debug_info    0x0000000000010db9      0xc84 main.o
 .debug_info    0x0000000000011a3d     0x2634 usb/device/usbdc.o
 .debug_info    0x0000000000014071     0x109b driver_init.o
 .debug_info    0x000000000001510c      0x20d hal/src/hal_atomic.o

.debug_abbrev   0x0000000000000000     0x3102
 .debug_abbrev  0x0000000000000000      0x225 atmel_start.o
 .debug_abbrev  0x0000000000000225      0x4bf usb/class/cdc/device/cdcdf_acm.o
 .debug_abbrev  0x00000000000006e4      0x180 same70b/gcc/gcc/startup_same70n21b.o
 .debug_abbrev  0x0000000000000864      0x5ae hpl/usbhs/hpl_usbhs.o
 .debug_abbrev  0x0000000000000e12      0x243 hpl/core/hpl_init.o
 .debug_abbrev  0x0000000000001055      0x161 hal/utils/src/utils_list.o
 .debug_abbrev  0x00000000000011b6       0xa6 hal/utils/src/utils_assert.o
 .debug_abbrev  0x000000000000125c      0x340 usb_start.o
 .debug_abbrev  0x000000000000159c      0x54b hpl/mcan/hpl_mcan.o
 .debug_abbrev  0x0000000000001ae7      0x20f hpl/pmc/hpl_pmc.o
 .debug_abbrev  0x0000000000001cf6      0x31a usb/usb_protocol.o
 .debug_abbrev  0x0000000000002010      0x550 hal/src/hal_usb_device.o
 .debug_abbrev  0x0000000000002560      0x219 main.o
 .debug_abbrev  0x0000000000002779      0x4dc usb/device/usbdc.o
 .debug_abbrev  0x0000000000002c55      0x32e driver_init.o
 .debug_abbrev  0x0000000000002f83      0x17f hal/src/hal_atomic.o

.debug_aranges  0x0000000000000000      0x608
 .debug_aranges
                0x0000000000000000       0x20 atmel_start.o
 .debug_aranges
                0x0000000000000020       0x70 usb/class/cdc/device/cdcdf_acm.o
 .debug_aranges
                0x0000000000000090       0x28 same70b/gcc/gcc/startup_same70n21b.o
 .debug_aranges
                0x00000000000000b8      0x118 hpl/usbhs/hpl_usbhs.o
 .debug_aranges
                0x00000000000001d0       0x20 hpl/core/hpl_init.o
 .debug_aranges
                0x00000000000001f0       0x48 hal/utils/src/utils_list.o
 .debug_aranges
                0x0000000000000238       0x20 hal/utils/src/utils_assert.o
 .debug_aranges
                0x0000000000000258       0x48 usb_start.o
 .debug_aranges
                0x00000000000002a0       0x78 hpl/mcan/hpl_mcan.o
 .debug_aranges
                0x0000000000000318       0x20 hpl/pmc/hpl_pmc.o
 .debug_aranges
                0x0000000000000338       0x48 usb/usb_protocol.o
 .debug_aranges
                0x0000000000000380      0x100 hal/src/hal_usb_device.o
 .debug_aranges
                0x0000000000000480       0x20 main.o
 .debug_aranges
                0x00000000000004a0       0xe0 usb/device/usbdc.o
 .debug_aranges
                0x0000000000000580       0x58 driver_init.o
 .debug_aranges
                0x00000000000005d8       0x30 hal/src/hal_atomic.o

.debug_ranges   0x0000000000000000     0x15f8
 .debug_ranges  0x0000000000000000       0x10 atmel_start.o
 .debug_ranges  0x0000000000000010      0x190 usb/class/cdc/device/cdcdf_acm.o
 .debug_ranges  0x00000000000001a0       0x18 same70b/gcc/gcc/startup_same70n21b.o
 .debug_ranges  0x00000000000001b8      0xa50 hpl/usbhs/hpl_usbhs.o
 .debug_ranges  0x0000000000000c08       0x28 hpl/core/hpl_init.o
 .debug_ranges  0x0000000000000c30       0x50 hal/utils/src/utils_list.o
 .debug_ranges  0x0000000000000c80       0x10 hal/utils/src/utils_assert.o
 .debug_ranges  0x0000000000000c90       0x38 usb_start.o
 .debug_ranges  0x0000000000000cc8      0x1f8 hpl/mcan/hpl_mcan.o
 .debug_ranges  0x0000000000000ec0       0x28 hpl/pmc/hpl_pmc.o
 .debug_ranges  0x0000000000000ee8       0xf8 usb/usb_protocol.o
 .debug_ranges  0x0000000000000fe0      0x190 hal/src/hal_usb_device.o
 .debug_ranges  0x0000000000001170       0x10 main.o
 .debug_ranges  0x0000000000001180      0x3b0 usb/device/usbdc.o
 .debug_ranges  0x0000000000001530       0xa8 driver_init.o
 .debug_ranges  0x00000000000015d8       0x20 hal/src/hal_atomic.o

.debug_macro    0x0000000000000000     0x8ff9
 .debug_macro   0x0000000000000000      0x866 atmel_start.o
 .debug_macro   0x0000000000000866       0x1c atmel_start.o
 .debug_macro   0x0000000000000882       0x1c atmel_start.o
 .debug_macro   0x000000000000089e       0xcb atmel_start.o
 .debug_macro   0x0000000000000969       0x64 atmel_start.o
 .debug_macro   0x00000000000009cd       0x5e atmel_start.o
 .debug_macro   0x0000000000000a2b       0x18 atmel_start.o
 .debug_macro   0x0000000000000a43       0x35 atmel_start.o
 .debug_macro   0x0000000000000a78       0x34 atmel_start.o
 .debug_macro   0x0000000000000aac       0x58 atmel_start.o
 .debug_macro   0x0000000000000b04       0x1f atmel_start.o
 .debug_macro   0x0000000000000b23       0x43 atmel_start.o
 .debug_macro   0x0000000000000b66       0x20 atmel_start.o
 .debug_macro   0x0000000000000b86      0x18e atmel_start.o
 .debug_macro   0x0000000000000d14      0x356 atmel_start.o
 .debug_macro   0x000000000000106a       0x10 atmel_start.o
 .debug_macro   0x000000000000107a       0x35 atmel_start.o
 .debug_macro   0x00000000000010af       0x76 atmel_start.o
 .debug_macro   0x0000000000001125      0x11b atmel_start.o
 .debug_macro   0x0000000000001240      0x12b atmel_start.o
 .debug_macro   0x000000000000136b      0x256 atmel_start.o
 .debug_macro   0x00000000000015c1       0x4c atmel_start.o
 .debug_macro   0x000000000000160d      0x753 usb/class/cdc/device/cdcdf_acm.o
 .debug_macro   0x0000000000001d60      0x35c usb/class/cdc/device/cdcdf_acm.o
 .debug_macro   0x00000000000020bc       0xd9 usb/class/cdc/device/cdcdf_acm.o
 .debug_macro   0x0000000000002195       0xd1 usb/class/cdc/device/cdcdf_acm.o
 .debug_macro   0x0000000000002266      0x438 same70b/gcc/gcc/startup_same70n21b.o
 .debug_macro   0x000000000000269e      0x7eb hpl/usbhs/hpl_usbhs.o
 .debug_macro   0x0000000000002e89      0x65f hpl/core/hpl_init.o
 .debug_macro   0x00000000000034e8       0x10 hpl/core/hpl_init.o
 .debug_macro   0x00000000000034f8      0x324 hpl/core/hpl_init.o
 .debug_macro   0x000000000000381c      0x9df hpl/core/hpl_init.o
 .debug_macro   0x00000000000041fb      0x5f6 hal/utils/src/utils_list.o
 .debug_macro   0x00000000000047f1      0x5f1 hal/utils/src/utils_assert.o
 .debug_macro   0x0000000000004de2      0x86b usb_start.o
 .debug_macro   0x000000000000564d      0x701 hpl/mcan/hpl_mcan.o
 .debug_macro   0x0000000000005d4e      0x160 hpl/mcan/hpl_mcan.o
 .debug_macro   0x0000000000005eae       0x9e hpl/mcan/hpl_mcan.o
 .debug_macro   0x0000000000005f4c      0x610 hpl/pmc/hpl_pmc.o
 .debug_macro   0x000000000000655c      0x6fb usb/usb_protocol.o
 .debug_macro   0x0000000000006c57      0x6ec hal/src/hal_usb_device.o
 .debug_macro   0x0000000000007343      0x866 main.o
 .debug_macro   0x0000000000007ba9      0x733 usb/device/usbdc.o
 .debug_macro   0x00000000000082dc      0x736 driver_init.o
 .debug_macro   0x0000000000008a12      0x5e7 hal/src/hal_atomic.o

.debug_line     0x0000000000000000     0xf820
 .debug_line    0x0000000000000000      0xc8b atmel_start.o
 .debug_line    0x0000000000000c8b      0xfad usb/class/cdc/device/cdcdf_acm.o
 .debug_line    0x0000000000001c38      0x672 same70b/gcc/gcc/startup_same70n21b.o
 .debug_line    0x00000000000022aa     0x2c10 hpl/usbhs/hpl_usbhs.o
 .debug_line    0x0000000000004eba      0xa8e hpl/core/hpl_init.o
 .debug_line    0x0000000000005948      0xacd hal/utils/src/utils_list.o
 .debug_line    0x0000000000006415      0x94e hal/utils/src/utils_assert.o
 .debug_line    0x0000000000006d63      0xd6b usb_start.o
 .debug_line    0x0000000000007ace     0x1705 hpl/mcan/hpl_mcan.o
 .debug_line    0x00000000000091d3      0xc92 hpl/pmc/hpl_pmc.o
 .debug_line    0x0000000000009e65      0xd66 usb/usb_protocol.o
 .debug_line    0x000000000000abcb     0x1305 hal/src/hal_usb_device.o
 .debug_line    0x000000000000bed0      0xc8e main.o
 .debug_line    0x000000000000cb5e     0x15d8 usb/device/usbdc.o
 .debug_line    0x000000000000e136      0xd30 driver_init.o
 .debug_line    0x000000000000ee66      0x9ba hal/src/hal_atomic.o

.debug_str      0x0000000000000000   0x13700a
 .debug_str     0x0000000000000000   0x12e461 atmel_start.o
                                     0x12ee7c (size before relaxing)
 .debug_str     0x000000000012e461      0x88b usb/class/cdc/device/cdcdf_acm.o
                                     0x12e7e7 (size before relaxing)
 .debug_str     0x000000000012ecec      0x775 same70b/gcc/gcc/startup_same70n21b.o
                                     0x123171 (size before relaxing)
 .debug_str     0x000000000012f461     0x210a hpl/usbhs/hpl_usbhs.o
                                     0x12ddec (size before relaxing)
 .debug_str     0x000000000013156b     0x30c5 hpl/core/hpl_init.o
                                     0x12b941 (size before relaxing)
 .debug_str     0x0000000000134630       0x9c hal/utils/src/utils_list.o
                                     0x1284e8 (size before relaxing)
 .debug_str     0x00000000001346cc       0x2a hal/utils/src/utils_assert.o
                                     0x12843e (size before relaxing)
 .debug_str     0x00000000001346f6      0x1ef usb_start.o
                                     0x12f283 (size before relaxing)
 .debug_str     0x00000000001348e5     0x1639 hpl/mcan/hpl_mcan.o
                                     0x12d11a (size before relaxing)
 .debug_str     0x0000000000135f1e      0x413 hpl/pmc/hpl_pmc.o
                                     0x129636 (size before relaxing)
 .debug_str     0x0000000000136331      0x129 usb/usb_protocol.o
                                     0x12c603 (size before relaxing)
 .debug_str     0x000000000013645a      0x3d0 hal/src/hal_usb_device.o
                                     0x12c409 (size before relaxing)
 .debug_str     0x000000000013682a        0xa main.o
                                     0x12ee76 (size before relaxing)
 .debug_str     0x0000000000136834      0x50d usb/device/usbdc.o
                                     0x12dedf (size before relaxing)
 .debug_str     0x0000000000136d41      0x24b driver_init.o
                                     0x129bab (size before relaxing)
 .debug_str     0x0000000000136f8c       0x7e hal/src/hal_atomic.o
                                     0x12842e (size before relaxing)

.debug_frame    0x0000000000000000      0xf2c
 .debug_frame   0x0000000000000000       0x2c atmel_start.o
 .debug_frame   0x000000000000002c      0x148 usb/class/cdc/device/cdcdf_acm.o
 .debug_frame   0x0000000000000174       0x38 same70b/gcc/gcc/startup_same70n21b.o
 .debug_frame   0x00000000000001ac      0x348 hpl/usbhs/hpl_usbhs.o
 .debug_frame   0x00000000000004f4       0x28 hpl/core/hpl_init.o
 .debug_frame   0x000000000000051c       0x88 hal/utils/src/utils_list.o
 .debug_frame   0x00000000000005a4       0x20 hal/utils/src/utils_assert.o
 .debug_frame   0x00000000000005c4       0xa0 usb_start.o
 .debug_frame   0x0000000000000664      0x114 hpl/mcan/hpl_mcan.o
 .debug_frame   0x0000000000000778       0x20 hpl/pmc/hpl_pmc.o
 .debug_frame   0x0000000000000798       0xa4 usb/usb_protocol.o
 .debug_frame   0x000000000000083c      0x2f4 hal/src/hal_usb_device.o
 .debug_frame   0x0000000000000b30       0x28 main.o
 .debug_frame   0x0000000000000b58      0x250 usb/device/usbdc.o
 .debug_frame   0x0000000000000da8       0xd0 driver_init.o
 .debug_frame   0x0000000000000e78       0x40 hal/src/hal_atomic.o
 .debug_frame   0x0000000000000eb8       0x2c /usr/lib/gcc/arm-none-eabi/9.2.0/../../../../arm-none-eabi/lib/thumb/v7e-m/nofp/libc_nano.a(lib_a-init.o)
 .debug_frame   0x0000000000000ee4       0x28 /usr/lib/gcc/arm-none-eabi/9.2.0/../../../../arm-none-eabi/lib/thumb/v7e-m/nofp/libc_nano.a(lib_a-memcpy-stub.o)
 .debug_frame   0x0000000000000f0c       0x20 /usr/lib/gcc/arm-none-eabi/9.2.0/../../../../arm-none-eabi/lib/thumb/v7e-m/nofp/libc_nano.a(lib_a-memset.o)

.debug_loc      0x0000000000000000     0x8316
 .debug_loc     0x0000000000000000      0x7f4 usb/class/cdc/device/cdcdf_acm.o
 .debug_loc     0x00000000000007f4       0xa5 same70b/gcc/gcc/startup_same70n21b.o
 .debug_loc     0x0000000000000899     0x402e hpl/usbhs/hpl_usbhs.o
 .debug_loc     0x00000000000048c7       0x45 hpl/core/hpl_init.o
 .debug_loc     0x000000000000490c      0x1cb hal/utils/src/utils_list.o
 .debug_loc     0x0000000000004ad7       0xde usb_start.o
 .debug_loc     0x0000000000004bb5      0xe1f hpl/mcan/hpl_mcan.o
 .debug_loc     0x00000000000059d4      0x42c hpl/pmc/hpl_pmc.o
 .debug_loc     0x0000000000005e00      0x2c9 usb/usb_protocol.o
 .debug_loc     0x00000000000060c9      0xdd0 hal/src/hal_usb_device.o
 .debug_loc     0x0000000000006e99     0x1216 usb/device/usbdc.o
 .debug_loc     0x00000000000080af      0x23d driver_init.o
 .debug_loc     0x00000000000082ec       0x2a hal/src/hal_atomic.o
